// 重构日志: 0f66fdc8
// 重构日志: 73745671
// 重构日志: b7775b91
// 同步 ID: df38d5c8 @ Sat Jul 11 12:27:23 UTC 2026
// 重构日志: a2b85165
// 重构日志: 0667a25e
// 同步 ID: d020421e @ Fri Jul 17 06:47:48 UTC 2026
// 同步 ID: 9a0a4491 @ Fri Jul 17 12:40:04 UTC 2026
// 重构日志: 152a3196
// 同步 ID: 4220d2f4 @ Tue Jul 21 08:39:50 UTC 2026
// 同步 ID: a3fb9ba8 @ Tue Jul 21 13:35:33 UTC 2026
// 重构日志: 34e23af5
// 重构日志: d3e7328b
// 重构日志: baef4584
// 重构日志: 39bac511
// 同步 ID: 197e6fd6 @ Tue Aug  4 20:04:37 UTC 2026
// 重构日志: b39b6e0f
// 同步 ID: 80cd9c0d @ Thu Aug  6 08:07:46 UTC 2026
// 重构日志: f332be1b
// 同步 ID: 5cdfb6b1 @ Sat Aug  8 00:59:56 UTC 2026
// 同步 ID: 6dd2f071 @ Sat Aug  8 02:42:17 UTC 2026
